0 verbose cli /usr/bin/node /usr/bin/npm
1 info using npm@10.9.1
2 info using node@v22.23.0
3 silly config load:file:/usr/lib/node_modules/npm/npmrc
4 silly config load:file:/public/.npmrc
5 silly config load:file:/home/.npmrc
6 silly config load:file:/etc/npmrc
7 verbose title npm install tailwindcss @tailwindcss/cli
8 verbose argv "install" "tailwindcss" "@tailwindcss/cli"
9 verbose logfile logs-max:10 dir:/home/.npm/_logs/2026-09-06T06_28_36_170Z-
10 verbose logfile /home/.npm/_logs/2026-09-06T06_28_36_170Z-debug-0.log
11 silly logfile start cleaning logs, removing 1 files
12 silly packumentCache heap:2197815296 maxSize:549453824 maxEntrySize:274726912
13 silly logfile done cleaning log files
14 silly idealTree buildDeps
15 silly fetch manifest tailwindcss@^4.3.3
16 silly packumentCache full:https://registry.npmjs.org/tailwindcss cache-miss
17 http cache https://registry.npmjs.org/tailwindcss 115ms (cache hit)
18 silly packumentCache full:https://registry.npmjs.org/tailwindcss set size:10875803 disposed:false
19 silly fetch manifest @tailwindcss/cli@*
20 silly packumentCache full:https://registry.npmjs.org/@tailwindcss%2fcli cache-miss
21 http fetch GET 200 https://registry.npmjs.org/@tailwindcss%2fcli 1514ms (cache miss)
22 silly packumentCache full:https://registry.npmjs.org/@tailwindcss%2fcli set size:undefined disposed:false
23 silly placeDep ROOT @tailwindcss/cli@4.3.3 OK for:  want: *
24 silly placeDep ROOT tailwindcss@4.3.3 REPLACE for:  want: ^4.3.3
25 silly fetch manifest mri@^1.2.0
26 silly packumentCache full:https://registry.npmjs.org/mri cache-miss
27 silly fetch manifest @parcel/watcher@2.5.1
28 silly packumentCache full:https://registry.npmjs.org/@parcel%2fwatcher cache-miss
29 http fetch GET 200 https://registry.npmjs.org/mri 115ms (cache miss)
30 silly packumentCache full:https://registry.npmjs.org/mri set size:undefined disposed:false
31 http fetch GET 200 https://registry.npmjs.org/@parcel%2fwatcher 253ms (cache miss)
32 silly packumentCache full:https://registry.npmjs.org/@parcel%2fwatcher set size:undefined disposed:false
33 silly placeDep ROOT @parcel/watcher@2.5.1 OK for: @tailwindcss/cli@4.3.3 want: 2.5.1
34 silly placeDep ROOT mri@1.2.0 OK for: @tailwindcss/cli@4.3.3 want: ^1.2.0
35 silly fetch manifest is-glob@^4.0.3
36 silly packumentCache full:https://registry.npmjs.org/is-glob cache-miss
37 silly fetch manifest micromatch@^4.0.5
38 silly packumentCache full:https://registry.npmjs.org/micromatch cache-miss
39 silly fetch manifest detect-libc@^1.0.3
40 silly packumentCache full:https://registry.npmjs.org/detect-libc cache-miss
41 silly fetch manifest node-addon-api@^7.0.0
42 silly packumentCache full:https://registry.npmjs.org/node-addon-api cache-miss
43 silly fetch manifest @parcel/watcher-win32-x64@2.5.1
44 silly packumentCache full:https://registry.npmjs.org/@parcel%2fwatcher-win32-x64 cache-miss
45 silly fetch manifest @parcel/watcher-darwin-x64@2.5.1
46 silly packumentCache full:https://registry.npmjs.org/@parcel%2fwatcher-darwin-x64 cache-miss
47 silly fetch manifest @parcel/watcher-win32-ia32@2.5.1
48 silly packumentCache full:https://registry.npmjs.org/@parcel%2fwatcher-win32-ia32 cache-miss
49 http cache https://registry.npmjs.org/detect-libc 61ms (cache hit)
50 silly packumentCache full:https://registry.npmjs.org/detect-libc set size:47861 disposed:false
51 silly fetch manifest @parcel/watcher-freebsd-x64@2.5.1
52 silly packumentCache full:https://registry.npmjs.org/@parcel%2fwatcher-freebsd-x64 cache-miss
53 http fetch GET 200 https://registry.npmjs.org/node-addon-api 177ms (cache miss)
54 silly packumentCache full:https://registry.npmjs.org/node-addon-api set size:undefined disposed:false
55 silly fetch manifest @parcel/watcher-win32-arm64@2.5.1
56 silly packumentCache full:https://registry.npmjs.org/@parcel%2fwatcher-win32-arm64 cache-miss
57 http fetch GET 200 https://registry.npmjs.org/@parcel%2fwatcher-win32-x64 216ms (cache miss)
58 silly packumentCache full:https://registry.npmjs.org/@parcel%2fwatcher-win32-x64 set size:undefined disposed:false
59 silly fetch manifest @parcel/watcher-darwin-arm64@2.5.1
60 silly packumentCache full:https://registry.npmjs.org/@parcel%2fwatcher-darwin-arm64 cache-miss
61 http fetch GET 200 https://registry.npmjs.org/@parcel%2fwatcher-win32-arm64 118ms (cache miss)
62 silly packumentCache full:https://registry.npmjs.org/@parcel%2fwatcher-win32-arm64 set size:undefined disposed:false
63 silly fetch manifest @parcel/watcher-android-arm64@2.5.1
64 silly packumentCache full:https://registry.npmjs.org/@parcel%2fwatcher-android-arm64 cache-miss
65 http fetch GET 200 https://registry.npmjs.org/is-glob 328ms (cache revalidated)
66 silly packumentCache full:https://registry.npmjs.org/is-glob set size:40530 disposed:false
67 silly fetch manifest @parcel/watcher-linux-arm-musl@2.5.1
68 silly packumentCache full:https://registry.npmjs.org/@parcel%2fwatcher-linux-arm-musl cache-miss
69 http fetch GET 200 https://registry.npmjs.org/micromatch 345ms (cache revalidated)
70 silly packumentCache full:https://registry.npmjs.org/micromatch set size:240630 disposed:false
71 silly fetch manifest @parcel/watcher-linux-x64-musl@2.5.1
72 silly packumentCache full:https://registry.npmjs.org/@parcel%2fwatcher-linux-x64-musl cache-miss
73 http fetch GET 200 https://registry.npmjs.org/@parcel%2fwatcher-darwin-x64 349ms (cache miss)
74 silly packumentCache full:https://registry.npmjs.org/@parcel%2fwatcher-darwin-x64 set size:undefined disposed:false
75 silly fetch manifest @parcel/watcher-linux-arm-glibc@2.5.1
76 silly packumentCache full:https://registry.npmjs.org/@parcel%2fwatcher-linux-arm-glibc cache-miss
77 http fetch GET 200 https://registry.npmjs.org/@parcel%2fwatcher-freebsd-x64 294ms (cache miss)
78 silly packumentCache full:https://registry.npmjs.org/@parcel%2fwatcher-freebsd-x64 set size:undefined disposed:false
79 silly fetch manifest @parcel/watcher-linux-x64-glibc@2.5.1
80 silly packumentCache full:https://registry.npmjs.org/@parcel%2fwatcher-linux-x64-glibc cache-miss
81 http fetch GET 200 https://registry.npmjs.org/@parcel%2fwatcher-android-arm64 96ms (cache miss)
82 silly packumentCache full:https://registry.npmjs.org/@parcel%2fwatcher-android-arm64 set size:undefined disposed:false
83 silly fetch manifest @parcel/watcher-linux-arm64-musl@2.5.1
84 silly packumentCache full:https://registry.npmjs.org/@parcel%2fwatcher-linux-arm64-musl cache-miss
85 http fetch GET 200 https://registry.npmjs.org/@parcel%2fwatcher-linux-arm-musl 121ms (cache miss)
86 silly packumentCache full:https://registry.npmjs.org/@parcel%2fwatcher-linux-arm-musl set size:undefined disposed:false
87 silly fetch manifest @parcel/watcher-linux-arm64-glibc@2.5.1
88 silly packumentCache full:https://registry.npmjs.org/@parcel%2fwatcher-linux-arm64-glibc cache-miss
89 http fetch GET 200 https://registry.npmjs.org/@parcel%2fwatcher-linux-x64-musl 117ms (cache miss)
90 silly packumentCache full:https://registry.npmjs.org/@parcel%2fwatcher-linux-x64-musl set size:undefined disposed:false
91 http fetch GET 200 https://registry.npmjs.org/@parcel%2fwatcher-linux-arm-glibc 124ms (cache miss)
92 silly packumentCache full:https://registry.npmjs.org/@parcel%2fwatcher-linux-arm-glibc set size:undefined disposed:false
93 http fetch GET 200 https://registry.npmjs.org/@parcel%2fwatcher-linux-x64-glibc 126ms (cache miss)
94 silly packumentCache full:https://registry.npmjs.org/@parcel%2fwatcher-linux-x64-glibc set size:undefined disposed:false
95 http fetch GET 200 https://registry.npmjs.org/@parcel%2fwatcher-win32-ia32 486ms (cache miss)
96 silly packumentCache full:https://registry.npmjs.org/@parcel%2fwatcher-win32-ia32 set size:undefined disposed:false
97 http fetch GET 200 https://registry.npmjs.org/@parcel%2fwatcher-darwin-arm64 282ms (cache miss)
98 silly packumentCache full:https://registry.npmjs.org/@parcel%2fwatcher-darwin-arm64 set size:undefined disposed:false
99 http fetch GET 200 https://registry.npmjs.org/@parcel%2fwatcher-linux-arm64-musl 102ms (cache miss)
100 silly packumentCache full:https://registry.npmjs.org/@parcel%2fwatcher-linux-arm64-musl set size:undefined disposed:false
101 http fetch GET 200 https://registry.npmjs.org/@parcel%2fwatcher-linux-arm64-glibc 126ms (cache miss)
102 silly packumentCache full:https://registry.npmjs.org/@parcel%2fwatcher-linux-arm64-glibc set size:undefined disposed:false
103 silly placeDep ROOT @parcel/watcher-android-arm64@2.5.1 OK for: @parcel/watcher@2.5.1 want: 2.5.1
104 silly placeDep ROOT @parcel/watcher-darwin-arm64@2.5.1 OK for: @parcel/watcher@2.5.1 want: 2.5.1
105 silly placeDep ROOT @parcel/watcher-darwin-x64@2.5.1 OK for: @parcel/watcher@2.5.1 want: 2.5.1
106 silly placeDep ROOT @parcel/watcher-freebsd-x64@2.5.1 OK for: @parcel/watcher@2.5.1 want: 2.5.1
107 silly placeDep ROOT @parcel/watcher-linux-arm-glibc@2.5.1 OK for: @parcel/watcher@2.5.1 want: 2.5.1
108 silly placeDep ROOT @parcel/watcher-linux-arm-musl@2.5.1 OK for: @parcel/watcher@2.5.1 want: 2.5.1
109 silly placeDep ROOT @parcel/watcher-linux-arm64-glibc@2.5.1 OK for: @parcel/watcher@2.5.1 want: 2.5.1
110 silly placeDep ROOT @parcel/watcher-linux-arm64-musl@2.5.1 OK for: @parcel/watcher@2.5.1 want: 2.5.1
111 silly placeDep ROOT @parcel/watcher-linux-x64-glibc@2.5.1 OK for: @parcel/watcher@2.5.1 want: 2.5.1
112 silly placeDep ROOT @parcel/watcher-linux-x64-musl@2.5.1 OK for: @parcel/watcher@2.5.1 want: 2.5.1
113 silly placeDep ROOT @parcel/watcher-win32-arm64@2.5.1 OK for: @parcel/watcher@2.5.1 want: 2.5.1
114 silly placeDep ROOT @parcel/watcher-win32-ia32@2.5.1 OK for: @parcel/watcher@2.5.1 want: 2.5.1
115 silly placeDep ROOT @parcel/watcher-win32-x64@2.5.1 OK for: @parcel/watcher@2.5.1 want: 2.5.1
116 silly placeDep node_modules/@parcel/watcher detect-libc@1.0.3 OK for: @parcel/watcher@2.5.1 want: ^1.0.3
117 silly placeDep ROOT is-glob@4.0.3 OK for: @parcel/watcher@2.5.1 want: ^4.0.3
118 silly placeDep ROOT micromatch@4.0.8 OK for: @parcel/watcher@2.5.1 want: ^4.0.5
119 silly placeDep ROOT node-addon-api@7.1.1 OK for: @parcel/watcher@2.5.1 want: ^7.0.0
120 silly fetch manifest is-extglob@^2.1.1
121 silly packumentCache full:https://registry.npmjs.org/is-extglob cache-miss
122 silly fetch manifest braces@^3.0.3
123 silly packumentCache full:https://registry.npmjs.org/braces cache-miss
124 silly fetch manifest picomatch@^2.3.1
125 silly packumentCache full:https://registry.npmjs.org/picomatch cache-miss
126 http fetch GET 200 https://registry.npmjs.org/braces 98ms (cache revalidated)
127 silly packumentCache full:https://registry.npmjs.org/braces set size:114529 disposed:false
128 http fetch GET 200 https://registry.npmjs.org/is-extglob 120ms (cache revalidated)
129 silly packumentCache full:https://registry.npmjs.org/is-extglob set size:11766 disposed:false
130 http fetch GET 200 https://registry.npmjs.org/picomatch 151ms (cache miss)
131 silly packumentCache full:https://registry.npmjs.org/picomatch set size:undefined disposed:false
132 silly placeDep ROOT is-extglob@2.1.1 OK for: is-glob@4.0.3 want: ^2.1.1
133 silly placeDep ROOT braces@3.0.3 OK for: micromatch@4.0.8 want: ^3.0.3
134 silly placeDep ROOT picomatch@2.3.2 OK for: micromatch@4.0.8 want: ^2.3.1
135 silly fetch manifest fill-range@^7.1.1
136 silly packumentCache full:https://registry.npmjs.org/fill-range cache-miss
137 http fetch GET 200 https://registry.npmjs.org/fill-range 79ms (cache revalidated)
138 silly packumentCache full:https://registry.npmjs.org/fill-range set size:90162 disposed:false
139 silly placeDep ROOT fill-range@7.1.1 OK for: braces@3.0.3 want: ^7.1.1
140 silly fetch manifest to-regex-range@^5.0.1
141 silly packumentCache full:https://registry.npmjs.org/to-regex-range cache-miss
142 http fetch GET 200 https://registry.npmjs.org/to-regex-range 87ms (cache miss)
143 silly packumentCache full:https://registry.npmjs.org/to-regex-range set size:undefined disposed:false
144 silly placeDep ROOT to-regex-range@5.0.1 OK for: fill-range@7.1.1 want: ^5.0.1
145 silly fetch manifest is-number@^7.0.0
146 silly packumentCache full:https://registry.npmjs.org/is-number cache-miss
147 http fetch GET 200 https://registry.npmjs.org/is-number 86ms (cache revalidated)
148 silly packumentCache full:https://registry.npmjs.org/is-number set size:36183 disposed:false
149 silly placeDep ROOT is-number@7.0.0 OK for: to-regex-range@5.0.1 want: ^7.0.0
150 silly reify moves {}
151 verbose reify failed optional dependency /public/node_modules/@tailwindcss/oxide-wasm32-wasi
152 silly reify mark deleted [ '/public/node_modules/@tailwindcss/oxide-wasm32-wasi' ]
153 silly audit bulk request {
153 silly audit   '@alloc/quick-lru': [ '5.3.0' ],
153 silly audit   '@jridgewell/gen-mapping': [ '0.3.13' ],
153 silly audit   '@jridgewell/remapping': [ '2.3.5' ],
153 silly audit   '@jridgewell/resolve-uri': [ '3.1.2' ],
153 silly audit   '@jridgewell/sourcemap-codec': [ '1.6.0' ],
153 silly audit   '@jridgewell/trace-mapping': [ '0.3.31' ],
153 silly audit   '@tailwindcss/node': [ '4.3.3' ],
153 silly audit   '@tailwindcss/oxide': [ '4.3.3' ],
153 silly audit   '@tailwindcss/oxide-android-arm64': [ '4.3.3' ],
153 silly audit   '@tailwindcss/oxide-darwin-arm64': [ '4.3.3' ],
153 silly audit   '@tailwindcss/oxide-darwin-x64': [ '4.3.3' ],
153 silly audit   '@tailwindcss/oxide-freebsd-x64': [ '4.3.3' ],
153 silly audit   '@tailwindcss/oxide-linux-arm-gnueabihf': [ '4.3.3' ],
153 silly audit   '@tailwindcss/oxide-linux-arm64-gnu': [ '4.3.3' ],
153 silly audit   '@tailwindcss/oxide-linux-arm64-musl': [ '4.3.3' ],
153 silly audit   '@tailwindcss/oxide-linux-x64-gnu': [ '4.3.3' ],
153 silly audit   '@tailwindcss/oxide-linux-x64-musl': [ '4.3.3' ],
153 silly audit   '@tailwindcss/oxide-win32-arm64-msvc': [ '4.3.3' ],
153 silly audit   '@tailwindcss/oxide-win32-x64-msvc': [ '4.3.3' ],
153 silly audit   '@tailwindcss/postcss': [ '4.3.3' ],
153 silly audit   'detect-libc': [ '2.1.2', '1.0.3' ],
153 silly audit   'enhanced-resolve': [ '5.24.5' ],
153 silly audit   'graceful-fs': [ '4.2.11' ],
153 silly audit   jiti: [ '2.7.0' ],
153 silly audit   lightningcss: [ '1.32.0' ],
153 silly audit   'lightningcss-android-arm64': [ '1.32.0' ],
153 silly audit   'lightningcss-darwin-arm64': [ '1.32.0' ],
153 silly audit   'lightningcss-darwin-x64': [ '1.32.0' ],
153 silly audit   'lightningcss-freebsd-x64': [ '1.32.0' ],
153 silly audit   'lightningcss-linux-arm-gnueabihf': [ '1.32.0' ],
153 silly audit   'lightningcss-linux-arm64-gnu': [ '1.32.0' ],
153 silly audit   'lightningcss-linux-arm64-musl': [ '1.32.0' ],
153 silly audit   'lightningcss-linux-x64-gnu': [ '1.32.0' ],
153 silly audit   'lightningcss-linux-x64-musl': [ '1.32.0' ],
153 silly audit   'lightningcss-win32-arm64-msvc': [ '1.32.0' ],
153 silly audit   'lightningcss-win32-x64-msvc': [ '1.32.0' ],
153 silly audit   'magic-string': [ '0.30.21' ],
153 silly audit   nanoid: [ '3.3.18' ],
153 silly audit   picocolors: [ '1.1.1' ],
153 silly audit   postcss: [ '8.5.28' ],
153 silly audit   'source-map-js': [ '1.2.1' ],
153 silly audit   tapable: [ '2.3.3' ],
153 silly audit   '@tailwindcss/cli': [ '4.3.3' ],
153 silly audit   tailwindcss: [ '4.3.3' ],
153 silly audit   '@parcel/watcher': [ '2.5.1' ],
153 silly audit   mri: [ '1.2.0' ],
153 silly audit   '@parcel/watcher-android-arm64': [ '2.5.1' ],
153 silly audit   '@parcel/watcher-darwin-arm64': [ '2.5.1' ],
153 silly audit   '@parcel/watcher-darwin-x64': [ '2.5.1' ],
153 silly audit   '@parcel/watcher-freebsd-x64': [ '2.5.1' ],
153 silly audit   '@parcel/watcher-linux-arm-glibc': [ '2.5.1' ],
153 silly audit   '@parcel/watcher-linux-arm-musl': [ '2.5.1' ],
153 silly audit   '@parcel/watcher-linux-arm64-glibc': [ '2.5.1' ],
153 silly audit   '@parcel/watcher-linux-arm64-musl': [ '2.5.1' ],
153 silly audit   '@parcel/watcher-linux-x64-glibc': [ '2.5.1' ],
153 silly audit   '@parcel/watcher-linux-x64-musl': [ '2.5.1' ],
153 silly audit   '@parcel/watcher-win32-arm64': [ '2.5.1' ],
153 silly audit   '@parcel/watcher-win32-ia32': [ '2.5.1' ],
153 silly audit   '@parcel/watcher-win32-x64': [ '2.5.1' ],
153 silly audit   'is-glob': [ '4.0.3' ],
153 silly audit   micromatch: [ '4.0.8' ],
153 silly audit   'node-addon-api': [ '7.1.1' ],
153 silly audit   'is-extglob': [ '2.1.1' ],
153 silly audit   braces: [ '3.0.3' ],
153 silly audit   picomatch: [ '2.3.2' ],
153 silly audit   'fill-range': [ '7.1.1' ],
153 silly audit   'to-regex-range': [ '5.0.1' ],
153 silly audit   'is-number': [ '7.0.0' ],
153 silly audit   '@tailwindcss/oxide-wasm32-wasi': [ '4.3.3' ]
153 silly audit }
154 verbose reify failed optional dependency /public/node_modules/@parcel/watcher-win32-x64
155 silly reify mark deleted [ '/public/node_modules/@parcel/watcher-win32-x64' ]
156 verbose reify failed optional dependency /public/node_modules/@parcel/watcher-win32-ia32
157 silly reify mark deleted [ '/public/node_modules/@parcel/watcher-win32-ia32' ]
158 verbose reify failed optional dependency /public/node_modules/@parcel/watcher-win32-arm64
159 silly reify mark deleted [ '/public/node_modules/@parcel/watcher-win32-arm64' ]
160 verbose reify failed optional dependency /public/node_modules/@parcel/watcher-linux-x64-musl
161 silly reify mark deleted [ '/public/node_modules/@parcel/watcher-linux-x64-musl' ]
162 verbose reify failed optional dependency /public/node_modules/@parcel/watcher-linux-x64-glibc
163 silly reify mark deleted [ '/public/node_modules/@parcel/watcher-linux-x64-glibc' ]
164 verbose reify failed optional dependency /public/node_modules/@parcel/watcher-linux-arm64-glibc
165 silly reify mark deleted [ '/public/node_modules/@parcel/watcher-linux-arm64-glibc' ]
166 verbose reify failed optional dependency /public/node_modules/@parcel/watcher-linux-arm-musl
167 silly reify mark deleted [ '/public/node_modules/@parcel/watcher-linux-arm-musl' ]
168 verbose reify failed optional dependency /public/node_modules/@parcel/watcher-linux-arm-glibc
169 silly reify mark deleted [ '/public/node_modules/@parcel/watcher-linux-arm-glibc' ]
170 verbose reify failed optional dependency /public/node_modules/@parcel/watcher-freebsd-x64
171 silly reify mark deleted [ '/public/node_modules/@parcel/watcher-freebsd-x64' ]
172 verbose reify failed optional dependency /public/node_modules/@parcel/watcher-darwin-x64
173 silly reify mark deleted [ '/public/node_modules/@parcel/watcher-darwin-x64' ]
174 verbose reify failed optional dependency /public/node_modules/@parcel/watcher-darwin-arm64
175 silly reify mark deleted [ '/public/node_modules/@parcel/watcher-darwin-arm64' ]
176 verbose reify failed optional dependency /public/node_modules/@parcel/watcher-android-arm64
177 silly reify mark deleted [ '/public/node_modules/@parcel/watcher-android-arm64' ]
178 verbose reify failed optional dependency /public/node_modules/lightningcss-win32-x64-msvc
179 silly reify mark deleted [ '/public/node_modules/lightningcss-win32-x64-msvc' ]
180 verbose reify failed optional dependency /public/node_modules/lightningcss-win32-arm64-msvc
181 silly reify mark deleted [ '/public/node_modules/lightningcss-win32-arm64-msvc' ]
182 verbose reify failed optional dependency /public/node_modules/lightningcss-linux-x64-musl
183 silly reify mark deleted [ '/public/node_modules/lightningcss-linux-x64-musl' ]
184 verbose reify failed optional dependency /public/node_modules/lightningcss-linux-x64-gnu
185 silly reify mark deleted [ '/public/node_modules/lightningcss-linux-x64-gnu' ]
186 verbose reify failed optional dependency /public/node_modules/lightningcss-linux-arm-gnueabihf
187 silly reify mark deleted [ '/public/node_modules/lightningcss-linux-arm-gnueabihf' ]
188 verbose reify failed optional dependency /public/node_modules/lightningcss-freebsd-x64
189 silly reify mark deleted [ '/public/node_modules/lightningcss-freebsd-x64' ]
190 verbose reify failed optional dependency /public/node_modules/lightningcss-darwin-x64
191 silly reify mark deleted [ '/public/node_modules/lightningcss-darwin-x64' ]
192 verbose reify failed optional dependency /public/node_modules/lightningcss-darwin-arm64
193 silly reify mark deleted [ '/public/node_modules/lightningcss-darwin-arm64' ]
194 verbose reify failed optional dependency /public/node_modules/lightningcss-android-arm64
195 silly reify mark deleted [ '/public/node_modules/lightningcss-android-arm64' ]
196 verbose reify failed optional dependency /public/node_modules/@tailwindcss/oxide-win32-x64-msvc
197 silly reify mark deleted [ '/public/node_modules/@tailwindcss/oxide-win32-x64-msvc' ]
198 verbose reify failed optional dependency /public/node_modules/@tailwindcss/oxide-win32-arm64-msvc
199 silly reify mark deleted [ '/public/node_modules/@tailwindcss/oxide-win32-arm64-msvc' ]
200 verbose reify failed optional dependency /public/node_modules/@tailwindcss/oxide-linux-x64-musl
201 silly reify mark deleted [ '/public/node_modules/@tailwindcss/oxide-linux-x64-musl' ]
202 verbose reify failed optional dependency /public/node_modules/@tailwindcss/oxide-linux-x64-gnu
203 silly reify mark deleted [ '/public/node_modules/@tailwindcss/oxide-linux-x64-gnu' ]
204 verbose reify failed optional dependency /public/node_modules/@tailwindcss/oxide-linux-arm-gnueabihf
205 silly reify mark deleted [ '/public/node_modules/@tailwindcss/oxide-linux-arm-gnueabihf' ]
206 verbose reify failed optional dependency /public/node_modules/@tailwindcss/oxide-freebsd-x64
207 silly reify mark deleted [ '/public/node_modules/@tailwindcss/oxide-freebsd-x64' ]
208 verbose reify failed optional dependency /public/node_modules/@tailwindcss/oxide-darwin-x64
209 silly reify mark deleted [ '/public/node_modules/@tailwindcss/oxide-darwin-x64' ]
210 verbose reify failed optional dependency /public/node_modules/@tailwindcss/oxide-darwin-arm64
211 silly reify mark deleted [ '/public/node_modules/@tailwindcss/oxide-darwin-arm64' ]
212 verbose reify failed optional dependency /public/node_modules/@tailwindcss/oxide-android-arm64
213 silly reify mark deleted [ '/public/node_modules/@tailwindcss/oxide-android-arm64' ]
214 http cache to-regex-range@https://registry.npmjs.org/to-regex-range/-/to-regex-range-5.0.1.tgz 0ms (cache hit)
215 http cache is-number@https://registry.npmjs.org/is-number/-/is-number-7.0.0.tgz 0ms (cache hit)
216 http cache node-addon-api@https://registry.npmjs.org/node-addon-api/-/node-addon-api-7.1.1.tgz 0ms (cache hit)
217 http cache is-extglob@https://registry.npmjs.org/is-extglob/-/is-extglob-2.1.1.tgz 0ms (cache hit)
218 http cache braces@https://registry.npmjs.org/braces/-/braces-3.0.3.tgz 0ms (cache hit)
219 http cache is-glob@https://registry.npmjs.org/is-glob/-/is-glob-4.0.3.tgz 0ms (cache hit)
220 http cache fill-range@https://registry.npmjs.org/fill-range/-/fill-range-7.1.1.tgz 0ms (cache hit)
221 http cache micromatch@https://registry.npmjs.org/micromatch/-/micromatch-4.0.8.tgz 0ms (cache hit)
222 http cache @parcel/watcher@https://registry.npmjs.org/@parcel/watcher/-/watcher-2.5.1.tgz 0ms (cache hit)
223 http cache @tailwindcss/cli@https://registry.npmjs.org/@tailwindcss/cli/-/cli-4.3.3.tgz 0ms (cache hit)
224 http cache @parcel/watcher-linux-arm64-musl@https://registry.npmjs.org/@parcel/watcher-linux-arm64-musl/-/watcher-linux-arm64-musl-2.5.1.tgz 0ms (cache hit)
225 http cache picomatch@https://registry.npmjs.org/picomatch/-/picomatch-2.3.2.tgz 0ms (cache hit)
226 silly tarball no local data for to-regex-range@https://registry.npmjs.org/to-regex-range/-/to-regex-range-5.0.1.tgz. Extracting by manifest.
227 silly tarball no local data for is-number@https://registry.npmjs.org/is-number/-/is-number-7.0.0.tgz. Extracting by manifest.
228 silly tarball no local data for is-glob@https://registry.npmjs.org/is-glob/-/is-glob-4.0.3.tgz. Extracting by manifest.
229 silly tarball no local data for is-extglob@https://registry.npmjs.org/is-extglob/-/is-extglob-2.1.1.tgz. Extracting by manifest.
230 silly tarball no local data for braces@https://registry.npmjs.org/braces/-/braces-3.0.3.tgz. Extracting by manifest.
231 silly tarball no local data for @parcel/watcher@https://registry.npmjs.org/@parcel/watcher/-/watcher-2.5.1.tgz. Extracting by manifest.
232 silly tarball no local data for fill-range@https://registry.npmjs.org/fill-range/-/fill-range-7.1.1.tgz. Extracting by manifest.
233 http cache mri@https://registry.npmjs.org/mri/-/mri-1.2.0.tgz 0ms (cache hit)
234 silly tarball no local data for @tailwindcss/cli@https://registry.npmjs.org/@tailwindcss/cli/-/cli-4.3.3.tgz. Extracting by manifest.
235 silly tarball no local data for @parcel/watcher-linux-arm64-musl@https://registry.npmjs.org/@parcel/watcher-linux-arm64-musl/-/watcher-linux-arm64-musl-2.5.1.tgz. Extracting by manifest.
236 http cache detect-libc@https://registry.npmjs.org/detect-libc/-/detect-libc-1.0.3.tgz 0ms (cache hit)
237 silly tarball no local data for picomatch@https://registry.npmjs.org/picomatch/-/picomatch-2.3.2.tgz. Extracting by manifest.
238 silly tarball no local data for node-addon-api@https://registry.npmjs.org/node-addon-api/-/node-addon-api-7.1.1.tgz. Extracting by manifest.
239 silly tarball no local data for micromatch@https://registry.npmjs.org/micromatch/-/micromatch-4.0.8.tgz. Extracting by manifest.
240 silly tarball no local data for mri@https://registry.npmjs.org/mri/-/mri-1.2.0.tgz. Extracting by manifest.
241 silly tarball no local data for detect-libc@https://registry.npmjs.org/detect-libc/-/detect-libc-1.0.3.tgz. Extracting by manifest.
242 http fetch GET 200 https://registry.npmjs.org/is-number/-/is-number-7.0.0.tgz 161ms (cache miss)
243 http fetch GET 200 https://registry.npmjs.org/is-extglob/-/is-extglob-2.1.1.tgz 160ms (cache miss)
244 http fetch GET 200 https://registry.npmjs.org/braces/-/braces-3.0.3.tgz 166ms (cache miss)
245 http fetch GET 200 https://registry.npmjs.org/is-glob/-/is-glob-4.0.3.tgz 182ms (cache miss)
246 http fetch GET 200 https://registry.npmjs.org/to-regex-range/-/to-regex-range-5.0.1.tgz 192ms (cache miss)
247 http fetch POST 200 https://registry.npmjs.org/-/npm/v1/security/advisories/bulk 317ms
248 silly audit report {}
249 http fetch GET 200 https://registry.npmjs.org/fill-range/-/fill-range-7.1.1.tgz 330ms (cache miss)
250 http fetch GET 200 https://registry.npmjs.org/@parcel/watcher/-/watcher-2.5.1.tgz 349ms (cache miss)
251 http fetch GET 200 https://registry.npmjs.org/mri/-/mri-1.2.0.tgz 373ms (cache miss)
252 http fetch GET 200 https://registry.npmjs.org/node-addon-api/-/node-addon-api-7.1.1.tgz 476ms (cache miss)
253 http fetch GET 200 https://registry.npmjs.org/detect-libc/-/detect-libc-1.0.3.tgz 466ms (cache miss)
254 http fetch GET 200 https://registry.npmjs.org/micromatch/-/micromatch-4.0.8.tgz 498ms (cache miss)
255 http fetch GET 200 https://registry.npmjs.org/picomatch/-/picomatch-2.3.2.tgz 554ms (cache miss)
256 http fetch GET 200 https://registry.npmjs.org/@tailwindcss/cli/-/cli-4.3.3.tgz 714ms (cache miss)
257 http fetch GET 200 https://registry.npmjs.org/@parcel/watcher-linux-arm64-musl/-/watcher-linux-arm64-musl-2.5.1.tgz 910ms (cache miss)
258 info run @parcel/watcher@2.5.1 install node_modules/@parcel/watcher node scripts/build-from-source.js
259 info run @parcel/watcher@2.5.1 install { code: 0, signal: null }
260 silly ADD node_modules/is-number
261 silly ADD node_modules/to-regex-range
262 silly ADD node_modules/fill-range
263 silly ADD node_modules/picomatch
264 silly ADD node_modules/braces
265 silly ADD node_modules/is-extglob
266 silly ADD node_modules/node-addon-api
267 silly ADD node_modules/micromatch
268 silly ADD node_modules/is-glob
269 silly ADD
270 silly ADD
271 silly ADD
272 silly ADD
273 silly ADD
274 silly ADD node_modules/@parcel/watcher-linux-arm64-musl
275 silly ADD
276 silly ADD
277 silly ADD
278 silly ADD
279 silly ADD
280 silly ADD
281 silly ADD
282 silly ADD node_modules/mri
283 silly ADD node_modules/@parcel/watcher
284 silly ADD node_modules/@parcel/watcher/node_modules/detect-libc
285 silly ADD node_modules/@tailwindcss/cli
286 silly ADD
287 silly ADD
288 silly ADD
289 silly ADD
290 silly ADD
291 silly ADD
292 silly ADD
293 silly ADD
294 silly ADD
295 silly ADD
296 silly ADD
297 silly ADD
298 silly ADD
299 silly ADD
300 silly ADD
301 silly ADD
302 silly ADD
303 silly ADD
304 silly ADD
305 verbose cwd /public
306 verbose os Linux 6.12.38-android16-5-abA075FXXS6CZF6-4k
307 verbose node v22.23.0
308 verbose npm  v10.9.1
309 verbose exit 0
310 info ok
